[Sat Jul 28 20:47:10.366641 2018] [:error] [pid 32717] [client 130.126.152.21:51587] PHP Warning:  mysqli::mysqli(): Headers and client library minor version mismatch. Headers:50556 Library:50640 in /var/www/html/php/playclip.php on line 72, referer: http://su18-cs411-13.cs.illinois.edu/php/playclip.php
[Sat Jul 28 21:20:31.936711 2018] [:error] [pid 852] [client 130.126.153.248:62099] PHP Notice:  Undefined index: songid in /var/www/html/php/test.php on line 19, referer: http://su18-cs411-13.cs.illinois.edu/index.html
[Sat Jul 28 21:20:31.936773 2018] [:error] [pid 852] [client 130.126.153.248:62099] PHP Warning:  mysqli::mysqli(): Headers and client library minor version mismatch. Headers:50556 Library:50640 in /var/www/html/php/test.php on line 25, referer: http://su18-cs411-13.cs.illinois.edu/index.html
[Sat Jul 28 21:20:31.971094 2018] [:error] [pid 852] [client 130.126.153.248:62099] PHP Warning:  mysqli::mysqli(): (42000/1044): Access denied for user ''@'localhost' to database 'cs411' in /var/www/html/php/test.php on line 25, referer: http://su18-cs411-13.cs.illinois.edu/index.html
[Sat Jul 28 21:22:36.962910 2018] [:error] [pid 851] [client 130.126.153.248:62104] PHP Warning:  mysqli::mysqli(): Headers and client library minor version mismatch. Headers:50556 Library:50640 in /var/www/html/php/findbyuser.php on line 16, referer: http://su18-cs411-13.cs.illinois.edu/Listennow.html
[Sat Jul 28 21:22:51.468639 2018] [:error] [pid 852] [client 130.126.153.248:62109] PHP Notice:  Undefined index: songid in /var/www/html/php/test.php on line 19, referer: http://su18-cs411-13.cs.illinois.edu/index.html
[Sat Jul 28 21:22:51.468691 2018] [:error] [pid 852] [client 130.126.153.248:62109] PHP Warning:  mysqli::mysqli(): Headers and client library minor version mismatch. Headers:50556 Library:50640 in /var/www/html/php/test.php on line 25, referer: http://su18-cs411-13.cs.illinois.edu/index.html
[Sat Jul 28 21:22:51.475940 2018] [:error] [pid 852] [client 130.126.153.248:62109] PHP Warning:  mysqli::mysqli(): (42000/1044): Access denied for user ''@'localhost' to database 'cs411' in /var/www/html/php/test.php on line 25, referer: http://su18-cs411-13.cs.illinois.edu/index.html
[Sat Jul 28 21:24:46.036310 2018] [:error] [pid 32705] [client 130.126.153.248:62112] PHP Notice:  Undefined index: songid in /var/www/html/php/test.php on line 19, referer: http://su18-cs411-13.cs.illinois.edu/index.html
[Sat Jul 28 21:24:46.036360 2018] [:error] [pid 32705] [client 130.126.153.248:62112] PHP Warning:  mysqli::mysqli(): Headers and client library minor version mismatch. Headers:50556 Library:50640 in /var/www/html/php/test.php on line 25, referer: http://su18-cs411-13.cs.illinois.edu/index.html
[Sat Jul 28 21:24:46.036749 2018] [:error] [pid 32705] [client 130.126.153.248:62112] PHP Notice:  Undefined variable: result in /var/www/html/php/test.php on line 35, referer: http://su18-cs411-13.cs.illinois.edu/index.html
[Sat Jul 28 21:24:46.036766 2018] [:error] [pid 32705] [client 130.126.153.248:62112] PHP Notice:  Trying to get property of non-object in /var/www/html/php/test.php on line 35, referer: http://su18-cs411-13.cs.illinois.edu/index.html
[Sat Jul 28 22:10:21.816052 2018] [:error] [pid 32702] [client 130.126.153.248:62216] PHP Notice:  Undefined variable: clipurl in /var/www/html/php/playclip.php on line 103, referer: http://su18-cs411-13.cs.illinois.edu/
[Sat Jul 28 22:17:43.553259 2018] [:error] [pid 32704] [client 192.17.149.33:60776] PHP Warning:  mysqli::mysqli(): Headers and client library minor version mismatch. Headers:50556 Library:50640 in /var/www/html/php/findbyuser.php on line 16, referer: http://su18-cs411-13.cs.illinois.edu/Listennow.html
[Sat Jul 28 22:17:47.612022 2018] [:error] [pid 32704] [client 192.17.149.33:60776] PHP Warning:  mysqli::mysqli(): Headers and client library minor version mismatch. Headers:50556 Library:50640 in /var/www/html/php/findbyuser.php on line 16, referer: http://su18-cs411-13.cs.illinois.edu/Listennow.html
[Sat Jul 28 22:18:00.369176 2018] [:error] [pid 852] [client 192.17.149.33:60777] PHP Warning:  mysqli::mysqli(): Headers and client library minor version mismatch. Headers:50556 Library:50640 in /var/www/html/php/findbyuser.php on line 16, referer: http://su18-cs411-13.cs.illinois.edu/Listennow.html
[Sat Jul 28 22:35:56.464787 2018] [:error] [pid 32702] [client 130.126.153.248:62265] PHP Parse error:  syntax error, unexpected 'clips' (T_STRING), expecting ',' or ';' in /var/www/html/php/test.php on line 20, referer: http://su18-cs411-13.cs.illinois.edu/index.html
[Sat Jul 28 22:36:06.701001 2018] [:error] [pid 846] [client 130.126.153.248:62266] PHP Parse error:  syntax error, unexpected 'clips' (T_STRING), expecting ',' or ';' in /var/www/html/php/test.php on line 20
[Sat Jul 28 22:36:32.512537 2018] [:error] [pid 851] [client 130.126.153.248:62267] PHP Parse error:  syntax error, unexpected 'clips' (T_STRING), expecting ',' or ';' in /var/www/html/php/test.php on line 20
[Sat Jul 28 22:36:34.124133 2018] [:error] [pid 854] [client 130.126.153.248:62268] PHP Parse error:  syntax error, unexpected 'clips' (T_STRING), expecting ',' or ';' in /var/www/html/php/test.php on line 20
[Sat Jul 28 22:40:24.097180 2018] [:error] [pid 32704] [client 130.126.153.248:62272] PHP Parse error:  syntax error, unexpected 'clips' (T_STRING), expecting ',' or ';' in /var/www/html/php/test.php on line 20
[Sat Jul 28 22:40:36.020721 2018] [:error] [pid 852] [client 130.126.153.248:62273] PHP Notice:  Array to string conversion in /var/www/html/php/test.php on line 17
[Sat Jul 28 23:09:36.081930 2018] [:error] [pid 32705] [client 130.126.153.248:62361] PHP Notice:  Undefined variable: clips in /var/www/html/php/test.php on line 58, referer: http://su18-cs411-13.cs.illinois.edu/index.html
[Sat Jul 28 23:09:40.139671 2018] [:error] [pid 32705] [client 130.126.153.248:62361] PHP Warning:  mysqli::mysqli(): Headers and client library minor version mismatch. Headers:50556 Library:50640 in /var/www/html/php/test.php on line 31, referer: http://su18-cs411-13.cs.illinois.edu/php/test.php
[Sat Jul 28 23:12:35.398177 2018] [:error] [pid 32717] [client 130.126.153.248:62363] PHP Warning:  mysqli::mysqli(): Headers and client library minor version mismatch. Headers:50556 Library:50640 in /var/www/html/php/test.php on line 31, referer: http://su18-cs411-13.cs.illinois.edu/php/test.php
[Sat Jul 28 23:12:39.411420 2018] [:error] [pid 32717] [client 130.126.153.248:62363] PHP Warning:  mysqli::mysqli(): Headers and client library minor version mismatch. Headers:50556 Library:50640 in /var/www/html/php/test.php on line 31, referer: http://su18-cs411-13.cs.illinois.edu/php/test.php
[Sat Jul 28 23:12:43.615566 2018] [:error] [pid 32717] [client 130.126.153.248:62363] PHP Notice:  Undefined variable: clips in /var/www/html/php/test.php on line 63, referer: http://su18-cs411-13.cs.illinois.edu/index.html
[Sat Jul 28 23:12:46.398466 2018] [:error] [pid 32717] [client 130.126.153.248:62363] PHP Warning:  mysqli::mysqli(): Headers and client library minor version mismatch. Headers:50556 Library:50640 in /var/www/html/php/test.php on line 31, referer: http://su18-cs411-13.cs.illinois.edu/php/test.php
[Sat Jul 28 23:12:56.912724 2018] [:error] [pid 849] [client 130.126.153.248:62365] PHP Warning:  mysqli::mysqli(): Headers and client library minor version mismatch. Headers:50556 Library:50640 in /var/www/html/php/test.php on line 31, referer: http://su18-cs411-13.cs.illinois.edu/php/test.php?action
[Sat Jul 28 23:13:25.502190 2018] [:error] [pid 846] [client 130.126.153.248:62367] PHP Warning:  mysqli::mysqli(): Headers and client library minor version mismatch. Headers:50556 Library:50640 in /var/www/html/php/test.php on line 31, referer: http://su18-cs411-13.cs.illinois.edu/php/test.php?action
[Sat Jul 28 23:14:08.867452 2018] [:error] [pid 851] [client 130.126.153.248:62369] PHP Notice:  Undefined variable: conn in /var/www/html/php/playclip.php on line 92, referer: http://su18-cs411-13.cs.illinois.edu/index.html
[Sat Jul 28 23:14:08.867482 2018] [:error] [pid 851] [client 130.126.153.248:62369] PHP Fatal error:  Call to a member function close() on a non-object in /var/www/html/php/playclip.php on line 92, referer: http://su18-cs411-13.cs.illinois.edu/index.html
[Sat Jul 28 23:14:12.289722 2018] [:error] [pid 32704] [client 130.126.153.248:62371] PHP Warning:  mysqli::mysqli(): Headers and client library minor version mismatch. Headers:50556 Library:50640 in /var/www/html/php/playclip.php on line 72, referer: http://su18-cs411-13.cs.illinois.edu/php/playclip.php
[Sat Jul 28 23:14:16.366891 2018] [:error] [pid 9694] [client 130.126.153.248:62372] PHP Warning:  mysqli::mysqli(): Headers and client library minor version mismatch. Headers:50556 Library:50640 in /var/www/html/php/playclip.php on line 72, referer: http://su18-cs411-13.cs.illinois.edu/php/playclip.php?action
[Sat Jul 28 23:14:19.238241 2018] [:error] [pid 849] [client 130.126.153.248:62376] PHP Warning:  mysqli::mysqli(): Headers and client library minor version mismatch. Headers:50556 Library:50640 in /var/www/html/php/playclip.php on line 72, referer: http://su18-cs411-13.cs.illinois.edu/php/playclip.php?action
[Sat Jul 28 23:14:22.840738 2018] [:error] [pid 32717] [client 130.126.153.248:62375] PHP Warning:  mysqli::mysqli(): Headers and client library minor version mismatch. Headers:50556 Library:50640 in /var/www/html/php/playclip.php on line 72, referer: http://su18-cs411-13.cs.illinois.edu/php/playclip.php?action
[Sat Jul 28 23:14:33.255119 2018] [:error] [pid 851] [client 130.126.153.248:62379] PHP Warning:  mysqli::mysqli(): Headers and client library minor version mismatch. Headers:50556 Library:50640 in /var/www/html/php/playclip.php on line 72, referer: http://su18-cs411-13.cs.illinois.edu/php/playclip.php?action
[Sat Jul 28 23:17:10.931552 2018] [:error] [pid 852] [client 130.126.153.248:62385] PHP Warning:  mysqli::mysqli(): Headers and client library minor version mismatch. Headers:50556 Library:50640 in /var/www/html/php/playclip.php on line 72, referer: http://su18-cs411-13.cs.illinois.edu/php/playclip.php?action
[Sat Jul 28 23:17:20.800285 2018] [:error] [pid 846] [client 130.126.153.248:62389] PHP Warning:  mysqli::mysqli(): Headers and client library minor version mismatch. Headers:50556 Library:50640 in /var/www/html/php/playclip.php on line 72, referer: http://su18-cs411-13.cs.illinois.edu/php/playclip.php?action
[Sat Jul 28 23:17:24.271812 2018] [:error] [pid 854] [client 130.126.153.248:62393] PHP Warning:  mysqli::mysqli(): Headers and client library minor version mismatch. Headers:50556 Library:50640 in /var/www/html/php/playclip.php on line 72, referer: http://su18-cs411-13.cs.illinois.edu/php/playclip.php?action
[Sat Jul 28 23:18:31.183128 2018] [:error] [pid 32705] [client 130.126.153.248:62404] PHP Warning:  mysqli::mysqli(): Headers and client library minor version mismatch. Headers:50556 Library:50640 in /var/www/html/php/playclip.php on line 72, referer: http://su18-cs411-13.cs.illinois.edu/php/playclip.php?action
[Sat Jul 28 23:19:19.589451 2018] [:error] [pid 851] [client 130.126.153.248:62410] PHP Warning:  mysqli::mysqli(): Headers and client library minor version mismatch. Headers:50556 Library:50640 in /var/www/html/php/playclip.php on line 72, referer: http://su18-cs411-13.cs.illinois.edu/php/playclip.php?action
[Sat Jul 28 23:19:22.977601 2018] [:error] [pid 851] [client 130.126.153.248:62410] PHP Warning:  mysqli::mysqli(): Headers and client library minor version mismatch. Headers:50556 Library:50640 in /var/www/html/php/playclip.php on line 72, referer: http://su18-cs411-13.cs.illinois.edu/php/playclip.php?action
[Sat Jul 28 23:19:24.787173 2018] [:error] [pid 846] [client 130.126.153.248:62414] PHP Warning:  mysqli::mysqli(): Headers and client library minor version mismatch. Headers:50556 Library:50640 in /var/www/html/php/playclip.php on line 72, referer: http://su18-cs411-13.cs.illinois.edu/php/playclip.php?action
[Sat Jul 28 23:22:57.218882 2018] [:error] [pid 852] [client 130.126.153.248:62426] PHP Notice:  Undefined variable: clips in /var/www/html/php/test.php on line 63, referer: http://su18-cs411-13.cs.illinois.edu/index.html
[Sat Jul 28 23:22:59.124052 2018] [:error] [pid 852] [client 130.126.153.248:62426] PHP Notice:  Undefined variable: clips in /var/www/html/php/test.php on line 63, referer: http://su18-cs411-13.cs.illinois.edu/index.html
[Sat Jul 28 23:23:00.651607 2018] [:error] [pid 852] [client 130.126.153.248:62426] PHP Warning:  mysqli::mysqli(): Headers and client library minor version mismatch. Headers:50556 Library:50640 in /var/www/html/php/test.php on line 31, referer: http://su18-cs411-13.cs.illinois.edu/php/test.php
[Sat Jul 28 23:23:19.533301 2018] [:error] [pid 32717] [client 130.126.153.248:62430] PHP Notice:  Undefined variable: clips in /var/www/html/php/test.php on line 63, referer: http://su18-cs411-13.cs.illinois.edu/index.html
[Sat Jul 28 23:23:21.693660 2018] [:error] [pid 32717] [client 130.126.153.248:62430] PHP Warning:  mysqli::mysqli(): Headers and client library minor version mismatch. Headers:50556 Library:50640 in /var/www/html/php/test.php on line 31, referer: http://su18-cs411-13.cs.illinois.edu/php/test.php
[Sat Jul 28 23:23:26.485190 2018] [:error] [pid 32717] [client 130.126.153.248:62430] PHP Warning:  mysqli::mysqli(): Headers and client library minor version mismatch. Headers:50556 Library:50640 in /var/www/html/php/test.php on line 31, referer: http://su18-cs411-13.cs.illinois.edu/php/test.php
[Sat Jul 28 23:26:00.068834 2018] [:error] [pid 32702] [client 130.126.153.248:62449] PHP Notice:  Undefined variable: clips in /var/www/html/php/test.php on line 63, referer: http://su18-cs411-13.cs.illinois.edu/index.html
[Sat Jul 28 23:26:02.309466 2018] [:error] [pid 32702] [client 130.126.153.248:62449] PHP Warning:  mysqli::mysqli(): Headers and client library minor version mismatch. Headers:50556 Library:50640 in /var/www/html/php/test.php on line 31, referer: http://su18-cs411-13.cs.illinois.edu/php/test.php
[Sat Jul 28 23:26:04.867292 2018] [:error] [pid 32702] [client 130.126.153.248:62449] PHP Notice:  Undefined variable: clips in /var/www/html/php/test.php on line 63, referer: http://su18-cs411-13.cs.illinois.edu/index.html
[Sat Jul 28 23:26:06.774818 2018] [:error] [pid 32702] [client 130.126.153.248:62449] PHP Warning:  mysqli::mysqli(): Headers and client library minor version mismatch. Headers:50556 Library:50640 in /var/www/html/php/test.php on line 31, referer: http://su18-cs411-13.cs.illinois.edu/php/test.php
[Sat Jul 28 23:28:06.249334 2018] [:error] [pid 849] [client 130.126.153.248:62464] PHP Warning:  mysqli::mysqli(): Headers and client library minor version mismatch. Headers:50556 Library:50640 in /var/www/html/php/test.php on line 31, referer: http://su18-cs411-13.cs.illinois.edu/php/test.php
[Sat Jul 28 23:28:17.881940 2018] [:error] [pid 32717] [client 130.126.153.248:62465] PHP Warning:  mysqli::mysqli(): Headers and client library minor version mismatch. Headers:50556 Library:50640 in /var/www/html/php/test.php on line 31, referer: http://su18-cs411-13.cs.illinois.edu/php/test.php
[Sat Jul 28 23:28:19.521338 2018] [:error] [pid 32717] [client 130.126.153.248:62465] PHP Warning:  mysqli::mysqli(): Headers and client library minor version mismatch. Headers:50556 Library:50640 in /var/www/html/php/test.php on line 31, referer: http://su18-cs411-13.cs.illinois.edu/php/test.php?action
[Sun Jul 29 00:18:34.542167 2018] [:error] [pid 851] [client 130.126.152.21:53503] PHP Notice:  Undefined variable: conn in /var/www/html/php/playclip.php on line 93, referer: http://su18-cs411-13.cs.illinois.edu/
[Sun Jul 29 00:18:34.542204 2018] [:error] [pid 851] [client 130.126.152.21:53503] PHP Fatal error:  Call to a member function close() on a non-object in /var/www/html/php/playclip.php on line 93, referer: http://su18-cs411-13.cs.illinois.edu/
[Sun Jul 29 00:18:37.230182 2018] [:error] [pid 32704] [client 130.126.152.21:53500] PHP Warning:  mysqli::mysqli(): Headers and client library minor version mismatch. Headers:50556 Library:50640 in /var/www/html/php/playclip.php on line 72, referer: http://su18-cs411-13.cs.illinois.edu/php/playclip.php
[Sun Jul 29 00:18:53.388898 2018] [:error] [pid 32704] [client 130.126.152.21:53519] PHP Warning:  mysqli::mysqli(): Headers and client library minor version mismatch. Headers:50556 Library:50640 in /var/www/html/php/findbyuser.php on line 16, referer: http://su18-cs411-13.cs.illinois.edu/Listennow.html
[Sun Jul 29 00:19:00.892011 2018] [:error] [pid 32702] [client 130.126.152.21:53520] PHP Warning:  mysqli::mysqli(): Headers and client library minor version mismatch. Headers:50556 Library:50640 in /var/www/html/php/findbysongname.php on line 16, referer: http://su18-cs411-13.cs.illinois.edu/Listennow.html
[Sun Jul 29 00:19:11.934096 2018] [:error] [pid 852] [client 130.126.152.21:53528] PHP Notice:  Undefined variable: conn in /var/www/html/php/playclip.php on line 93, referer: http://su18-cs411-13.cs.illinois.edu/index.html
[Sun Jul 29 00:19:11.934126 2018] [:error] [pid 852] [client 130.126.152.21:53528] PHP Fatal error:  Call to a member function close() on a non-object in /var/www/html/php/playclip.php on line 93, referer: http://su18-cs411-13.cs.illinois.edu/index.html
[Sun Jul 29 00:19:16.947517 2018] [:error] [pid 846] [client 130.126.152.21:53534] PHP Warning:  mysqli::mysqli(): Headers and client library minor version mismatch. Headers:50556 Library:50640 in /var/www/html/php/playclip.php on line 72, referer: http://su18-cs411-13.cs.illinois.edu/php/playclip.php
[Sun Jul 29 00:19:19.020608 2018] [:error] [pid 854] [client 130.126.152.21:53537] PHP Warning:  mysqli::mysqli(): Headers and client library minor version mismatch. Headers:50556 Library:50640 in /var/www/html/php/playclip.php on line 72, referer: http://su18-cs411-13.cs.illinois.edu/php/playclip.php?action
[Sun Jul 29 00:19:21.433144 2018] [:error] [pid 32705] [client 130.126.152.21:53539] PHP Warning:  mysqli::mysqli(): Headers and client library minor version mismatch. Headers:50556 Library:50640 in /var/www/html/php/playclip.php on line 72, referer: http://su18-cs411-13.cs.illinois.edu/php/playclip.php?action
[Sun Jul 29 00:22:42.227548 2018] [:error] [pid 846] [client 130.126.152.21:53565] PHP Notice:  Undefined variable: conn in /var/www/html/php/playclip.php on line 93, referer: http://su18-cs411-13.cs.illinois.edu/
[Sun Jul 29 00:22:42.227576 2018] [:error] [pid 846] [client 130.126.152.21:53565] PHP Fatal error:  Call to a member function close() on a non-object in /var/www/html/php/playclip.php on line 93, referer: http://su18-cs411-13.cs.illinois.edu/
[Sun Jul 29 00:22:45.112490 2018] [:error] [pid 849] [client 130.126.152.21:53563] PHP Notice:  Undefined variable: conn in /var/www/html/php/playclip.php on line 93, referer: http://su18-cs411-13.cs.illinois.edu/
[Sun Jul 29 00:22:45.112524 2018] [:error] [pid 849] [client 130.126.152.21:53563] PHP Fatal error:  Call to a member function close() on a non-object in /var/www/html/php/playclip.php on line 93, referer: http://su18-cs411-13.cs.illinois.edu/
[Sun Jul 29 00:22:45.350357 2018] [:error] [pid 851] [client 130.126.152.21:53554] PHP Notice:  Undefined variable: conn in /var/www/html/php/playclip.php on line 93, referer: http://su18-cs411-13.cs.illinois.edu/
[Sun Jul 29 00:22:45.350384 2018] [:error] [pid 851] [client 130.126.152.21:53554] PHP Fatal error:  Call to a member function close() on a non-object in /var/www/html/php/playclip.php on line 93, referer: http://su18-cs411-13.cs.illinois.edu/
[Sun Jul 29 00:22:45.557823 2018] [:error] [pid 9694] [client 130.126.152.21:53553] PHP Notice:  Undefined variable: conn in /var/www/html/php/playclip.php on line 93, referer: http://su18-cs411-13.cs.illinois.edu/
[Sun Jul 29 00:22:45.557842 2018] [:error] [pid 9694] [client 130.126.152.21:53553] PHP Fatal error:  Call to a member function close() on a non-object in /var/www/html/php/playclip.php on line 93, referer: http://su18-cs411-13.cs.illinois.edu/
[Sun Jul 29 00:22:45.775822 2018] [:error] [pid 854] [client 130.126.152.21:53568] PHP Notice:  Undefined variable: conn in /var/www/html/php/playclip.php on line 93, referer: http://su18-cs411-13.cs.illinois.edu/
[Sun Jul 29 00:22:45.775843 2018] [:error] [pid 854] [client 130.126.152.21:53568] PHP Fatal error:  Call to a member function close() on a non-object in /var/www/html/php/playclip.php on line 93, referer: http://su18-cs411-13.cs.illinois.edu/
[Sun Jul 29 00:22:47.843533 2018] [:error] [pid 32704] [client 130.126.152.21:53569] PHP Warning:  mysqli::mysqli(): Headers and client library minor version mismatch. Headers:50556 Library:50640 in /var/www/html/php/playclip.php on line 72, referer: http://su18-cs411-13.cs.illinois.edu/php/playclip.php
[Sun Jul 29 00:43:16.742746 2018] [:error] [pid 32717] [client 130.126.152.21:53749] PHP Warning:  mysqli::mysqli(): Headers and client library minor version mismatch. Headers:50556 Library:50640 in /var/www/html/php/playclip.php on line 72, referer: http://su18-cs411-13.cs.illinois.edu/php/playclip.php?action
[Sun Jul 29 00:43:21.278908 2018] [:error] [pid 32702] [client 130.126.152.21:53755] PHP Warning:  mysqli::mysqli(): Headers and client library minor version mismatch. Headers:50556 Library:50640 in /var/www/html/php/playclip.php on line 72, referer: http://su18-cs411-13.cs.illinois.edu/php/playclip.php?action
[Sun Jul 29 00:43:27.975058 2018] [:error] [pid 32717] [client 130.126.152.21:53749] PHP Warning:  mysqli::mysqli(): Headers and client library minor version mismatch. Headers:50556 Library:50640 in /var/www/html/php/playclip.php on line 72, referer: http://su18-cs411-13.cs.illinois.edu/php/playclip.php?action
[Sun Jul 29 00:43:32.719402 2018] [:error] [pid 851] [client 130.126.152.21:53760] PHP Warning:  mysqli::mysqli(): Headers and client library minor version mismatch. Headers:50556 Library:50640 in /var/www/html/php/playclip.php on line 72, referer: http://su18-cs411-13.cs.illinois.edu/php/playclip.php?action
[Sun Jul 29 00:43:36.475907 2018] [:error] [pid 854] [client 130.126.152.21:53757] PHP Warning:  mysqli::mysqli(): Headers and client library minor version mismatch. Headers:50556 Library:50640 in /var/www/html/php/playclip.php on line 72, referer: http://su18-cs411-13.cs.illinois.edu/php/playclip.php?action
[Sun Jul 29 00:43:40.344313 2018] [:error] [pid 851] [client 130.126.152.21:53760] PHP Warning:  mysqli::mysqli(): Headers and client library minor version mismatch. Headers:50556 Library:50640 in /var/www/html/php/playclip.php on line 72, referer: http://su18-cs411-13.cs.illinois.edu/php/playclip.php?action
[Sun Jul 29 00:43:42.350215 2018] [:error] [pid 852] [client 130.126.152.21:53761] PHP Warning:  mysqli::mysqli(): Headers and client library minor version mismatch. Headers:50556 Library:50640 in /var/www/html/php/playclip.php on line 72, referer: http://su18-cs411-13.cs.illinois.edu/php/playclip.php?action
[Sun Jul 29 00:43:44.717777 2018] [:error] [pid 851] [client 130.126.152.21:53760] PHP Warning:  mysqli::mysqli(): Headers and client library minor version mismatch. Headers:50556 Library:50640 in /var/www/html/php/playclip.php on line 72, referer: http://su18-cs411-13.cs.illinois.edu/php/playclip.php?action
[Sun Jul 29 00:51:54.335873 2018] [:error] [pid 32704] [client 130.126.152.21:53808] PHP Notice:  Undefined variable: conn in /var/www/html/php/playclip.php on line 93, referer: http://su18-cs411-13.cs.illinois.edu/index.html
[Sun Jul 29 00:51:54.335909 2018] [:error] [pid 32704] [client 130.126.152.21:53808] PHP Fatal error:  Call to a member function close() on a non-object in /var/www/html/php/playclip.php on line 93, referer: http://su18-cs411-13.cs.illinois.edu/index.html
[Sun Jul 29 00:57:38.388485 2018] [:error] [pid 9694] [client 130.126.153.248:62709] PHP Notice:  Undefined variable: conn in /var/www/html/php/playclip.php on line 93, referer: http://su18-cs411-13.cs.illinois.edu/index.html
[Sun Jul 29 00:57:38.388524 2018] [:error] [pid 9694] [client 130.126.153.248:62709] PHP Fatal error:  Call to a member function close() on a non-object in /var/www/html/php/playclip.php on line 93, referer: http://su18-cs411-13.cs.illinois.edu/index.html
[Sun Jul 29 00:57:41.058487 2018] [:error] [pid 851] [client 130.126.153.248:62711] PHP Warning:  mysqli::mysqli(): Headers and client library minor version mismatch. Headers:50556 Library:50640 in /var/www/html/php/playclip.php on line 72, referer: http://su18-cs411-13.cs.illinois.edu/php/playclip.php
[Sun Jul 29 01:09:21.871533 2018] [:error] [pid 851] [client 130.126.153.248:62738] PHP Notice:  Undefined variable: clips in /var/www/html/php/test.php on line 46, referer: http://su18-cs411-13.cs.illinois.edu/index.html
[Sun Jul 29 01:09:24.459989 2018] [:error] [pid 851] [client 130.126.153.248:62738] PHP Notice:  Undefined variable: clips in /var/www/html/php/test.php on line 46, referer: http://su18-cs411-13.cs.illinois.edu/index.html
[Sun Jul 29 01:12:49.793142 2018] [:error] [pid 32717] [client 130.126.153.248:62741] PHP Notice:  Undefined variable: clips in /var/www/html/php/test.php on line 39, referer: http://su18-cs411-13.cs.illinois.edu/index.html
[Sun Jul 29 01:12:52.113962 2018] [:error] [pid 32717] [client 130.126.153.248:62741] PHP Notice:  Undefined variable: clips in /var/www/html/php/test.php on line 39, referer: http://su18-cs411-13.cs.illinois.edu/index.html
[Sun Jul 29 01:13:08.308059 2018] [:error] [pid 849] [client 130.126.153.248:62742] PHP Notice:  Undefined variable: clips in /var/www/html/php/test.php on line 39, referer: http://su18-cs411-13.cs.illinois.edu/index.html
[Sun Jul 29 01:26:06.418883 2018] [:error] [pid 32702] [client 130.126.153.248:62781] PHP Notice:  Undefined variable: clips in /var/www/html/php/test.php on line 39, referer: http://su18-cs411-13.cs.illinois.edu/index.html
[Sun Jul 29 01:26:38.562444 2018] [:error] [pid 32704] [client 130.126.153.248:62782] PHP Notice:  Undefined variable: clips in /var/www/html/php/test.php on line 39, referer: http://su18-cs411-13.cs.illinois.edu/index.html
[Sun Jul 29 01:33:13.720133 2018] [:error] [pid 18801] [client 130.126.153.248:62786] PHP Notice:  Undefined variable: clips in /var/www/html/php/test.php on line 68, referer: http://su18-cs411-13.cs.illinois.edu/index.html
[Sun Jul 29 01:33:24.165084 2018] [:error] [pid 32705] [client 130.126.153.248:62787] PHP Warning:  mysqli::mysqli(): Headers and client library minor version mismatch. Headers:50556 Library:50640 in /var/www/html/php/test.php on line 32, referer: http://su18-cs411-13.cs.illinois.edu/php/test.php
[Sun Jul 29 01:33:55.660078 2018] [:error] [pid 854] [client 130.126.153.248:62788] PHP Warning:  mysqli::mysqli(): Headers and client library minor version mismatch. Headers:50556 Library:50640 in /var/www/html/php/test.php on line 32, referer: http://su18-cs411-13.cs.illinois.edu/php/test.php
[Sun Jul 29 01:34:50.051943 2018] [:error] [pid 9694] [client 130.126.153.248:62791] PHP Notice:  Undefined variable: clips in /var/www/html/php/test.php on line 68, referer: http://su18-cs411-13.cs.illinois.edu/index.html
[Sun Jul 29 16:13:39.597404 2018] [:error] [pid 13341] [client 130.126.152.227:55614] PHP Notice:  Undefined variable: clips in /var/www/html/php/test.php on line 68, referer: http://su18-cs411-13.cs.illinois.edu/
[Sun Jul 29 16:13:50.216795 2018] [:error] [pid 13339] [client 130.126.152.227:55617] PHP Warning:  mysqli::mysqli(): Headers and client library minor version mismatch. Headers:50556 Library:50640 in /var/www/html/php/test.php on line 32, referer: http://su18-cs411-13.cs.illinois.edu/php/test.php
[Sun Jul 29 16:13:57.408105 2018] [:error] [pid 13342] [client 130.126.152.227:55618] PHP Warning:  mysqli::mysqli(): Headers and client library minor version mismatch. Headers:50556 Library:50640 in /var/www/html/php/test.php on line 32, referer: http://su18-cs411-13.cs.illinois.edu/php/test.php
[Sun Jul 29 16:13:59.287285 2018] [:error] [pid 13342] [client 130.126.152.227:55618] PHP Warning:  mysqli::mysqli(): Headers and client library minor version mismatch. Headers:50556 Library:50640 in /var/www/html/php/test.php on line 32, referer: http://su18-cs411-13.cs.illinois.edu/php/test.php
[Sun Jul 29 16:14:23.993040 2018] [:error] [pid 11252] [client 130.126.152.227:55623] PHP Warning:  mysqli::mysqli(): Headers and client library minor version mismatch. Headers:50556 Library:50640 in /var/www/html/php/test.php on line 32, referer: http://su18-cs411-13.cs.illinois.edu/php/test.php
[Sun Jul 29 16:14:34.861736 2018] [:error] [pid 13338] [client 130.126.152.227:55624] PHP Warning:  mysqli::mysqli(): Headers and client library minor version mismatch. Headers:50556 Library:50640 in /var/www/html/php/test.php on line 32, referer: http://su18-cs411-13.cs.illinois.edu/php/test.php
[Sun Jul 29 16:14:40.676097 2018] [:error] [pid 13338] [client 130.126.152.227:55625] PHP Warning:  mysqli::mysqli(): Headers and client library minor version mismatch. Headers:50556 Library:50640 in /var/www/html/php/test.php on line 32, referer: http://su18-cs411-13.cs.illinois.edu/php/test.php
[Sun Jul 29 16:14:44.196699 2018] [:error] [pid 13338] [client 130.126.152.227:55625] PHP Warning:  mysqli::mysqli(): Headers and client library minor version mismatch. Headers:50556 Library:50640 in /var/www/html/php/test.php on line 32, referer: http://su18-cs411-13.cs.illinois.edu/php/test.php
[Sun Jul 29 16:15:57.803540 2018] [:error] [pid 13342] [client 130.126.152.227:55639] PHP Warning:  mysqli::mysqli(): Headers and client library minor version mismatch. Headers:50556 Library:50640 in /var/www/html/php/findbysongname.php on line 16, referer: http://su18-cs411-13.cs.illinois.edu/Listennow.html
[Sun Jul 29 16:16:14.114614 2018] [:error] [pid 11362] [client 130.126.152.227:55643] PHP Notice:  Undefined variable: clips in /var/www/html/php/test.php on line 68, referer: http://su18-cs411-13.cs.illinois.edu/index.html
[Sun Jul 29 16:16:16.695967 2018] [:error] [pid 11361] [client 130.126.152.227:55642] PHP Notice:  Undefined variable: conn in /var/www/html/php/playclip.php on line 93, referer: http://su18-cs411-13.cs.illinois.edu/index.html
[Sun Jul 29 16:16:16.696012 2018] [:error] [pid 11361] [client 130.126.152.227:55642] PHP Fatal error:  Call to a member function close() on a non-object in /var/www/html/php/playclip.php on line 93, referer: http://su18-cs411-13.cs.illinois.edu/index.html
[Sun Jul 29 16:16:20.330047 2018] [:error] [pid 11359] [client 130.126.152.227:55641] PHP Warning:  mysqli::mysqli(): Headers and client library minor version mismatch. Headers:50556 Library:50640 in /var/www/html/php/playclip.php on line 72, referer: http://su18-cs411-13.cs.illinois.edu/php/playclip.php
[Sun Jul 29 16:16:25.495225 2018] [:error] [pid 13338] [client 130.126.152.227:55651] PHP Warning:  mysqli::mysqli(): Headers and client library minor version mismatch. Headers:50556 Library:50640 in /var/www/html/php/playclip.php on line 72, referer: http://su18-cs411-13.cs.illinois.edu/php/playclip.php?action
[Sun Jul 29 16:16:29.025475 2018] [:error] [pid 13342] [client 130.126.152.227:55654] PHP Warning:  mysqli::mysqli(): Headers and client library minor version mismatch. Headers:50556 Library:50640 in /var/www/html/php/playclip.php on line 72, referer: http://su18-cs411-13.cs.illinois.edu/php/playclip.php?action
[Sun Jul 29 16:16:32.014878 2018] [:error] [pid 11357] [client 130.126.152.227:55653] PHP Warning:  mysqli::mysqli(): Headers and client library minor version mismatch. Headers:50556 Library:50640 in /var/www/html/php/playclip.php on line 72, referer: http://su18-cs411-13.cs.illinois.edu/php/playclip.php?action
[Sun Jul 29 16:16:34.170513 2018] [:error] [pid 13342] [client 130.126.152.227:55654] PHP Warning:  mysqli::mysqli(): Headers and client library minor version mismatch. Headers:50556 Library:50640 in /var/www/html/php/playclip.php on line 72, referer: http://su18-cs411-13.cs.illinois.edu/php/playclip.php?action
[Sun Jul 29 16:16:52.105533 2018] [:error] [pid 11386] [client 130.126.152.227:55670] PHP Notice:  Undefined variable: clips in /var/www/html/php/test.php on line 68, referer: http://su18-cs411-13.cs.illinois.edu/index.html
[Sun Jul 29 16:16:57.265074 2018] [:error] [pid 11357] [client 130.126.152.227:55671] PHP Warning:  mysqli::mysqli(): Headers and client library minor version mismatch. Headers:50556 Library:50640 in /var/www/html/php/test.php on line 32, referer: http://su18-cs411-13.cs.illinois.edu/php/test.php
[Sun Jul 29 16:17:03.910376 2018] [:error] [pid 13341] [client 130.126.152.227:55672] PHP Warning:  mysqli::mysqli(): Headers and client library minor version mismatch. Headers:50556 Library:50640 in /var/www/html/php/test.php on line 32, referer: http://su18-cs411-13.cs.illinois.edu/php/test.php
[Sun Jul 29 16:17:11.396073 2018] [:error] [pid 13343] [client 130.126.152.227:55673] PHP Warning:  mysqli::mysqli(): Headers and client library minor version mismatch. Headers:50556 Library:50640 in /var/www/html/php/test.php on line 32, referer: http://su18-cs411-13.cs.illinois.edu/php/test.php
[Sun Jul 29 16:19:52.344400 2018] [:error] [pid 11357] [client 192.17.151.231:65493] PHP Notice:  Undefined variable: clips in /var/www/html/php/test.php on line 68, referer: http://su18-cs411-13.cs.illinois.edu/
[Sun Jul 29 16:19:56.691219 2018] [:error] [pid 11357] [client 192.17.151.231:65493] PHP Warning:  mysqli::mysqli(): Headers and client library minor version mismatch. Headers:50556 Library:50640 in /var/www/html/php/test.php on line 32, referer: http://su18-cs411-13.cs.illinois.edu/php/test.php
[Sun Jul 29 16:20:32.482645 2018] [:error] [pid 11359] [client 130.126.152.227:55723] PHP Notice:  Undefined variable: clips in /var/www/html/php/test.php on line 68, referer: http://su18-cs411-13.cs.illinois.edu/
[Sun Jul 29 16:20:35.357644 2018] [:error] [pid 11359] [client 130.126.152.227:55723] PHP Warning:  mysqli::mysqli(): Headers and client library minor version mismatch. Headers:50556 Library:50640 in /var/www/html/php/test.php on line 32, referer: http://su18-cs411-13.cs.illinois.edu/php/test.php
[Sun Jul 29 16:20:57.212248 2018] [:error] [pid 13342] [client 192.17.151.231:65498] PHP Warning:  mysqli::mysqli(): Headers and client library minor version mismatch. Headers:50556 Library:50640 in /var/www/html/php/test.php on line 32, referer: http://su18-cs411-13.cs.illinois.edu/php/test.php
[Sun Jul 29 21:38:09.158766 2018] [:error] [pid 11386] [client 130.126.153.156:59926] PHP Notice:  Undefined index: songname in /var/www/html/php/deleteclip.php on line 2, referer: http://su18-cs411-13.cs.illinois.edu/deleteclip.html
[Sun Jul 29 21:38:09.158810 2018] [:error] [pid 11386] [client 130.126.153.156:59926] PHP Notice:  Use of undefined constant songname - assumed 'songname' in /var/www/html/php/deleteclip.php on line 3, referer: http://su18-cs411-13.cs.illinois.edu/deleteclip.html
[Sun Jul 29 21:38:44.759602 2018] [:error] [pid 11359] [client 192.17.151.107:45432] PHP Notice:  Use of undefined constant songname - assumed 'songname' in /var/www/html/php/deleteclip.php on line 3, referer: http://su18-cs411-13.cs.illinois.edu/deleteclip.html
[Sun Jul 29 21:39:46.466794 2018] [:error] [pid 11252] [client 192.17.151.107:45476] PHP Notice:  Use of undefined constant songname - assumed 'songname' in /var/www/html/php/deleteclip.php on line 3, referer: http://su18-cs411-13.cs.illinois.edu/deleteclip.html
[Sun Jul 29 21:40:50.614981 2018] [:error] [pid 13342] [client 192.17.151.107:45478] PHP Notice:  Use of undefined constant clipid - assumed 'clipid' in /var/www/html/php/deleteclip.php on line 3, referer: http://su18-cs411-13.cs.illinois.edu/deleteclip.html
[Sun Jul 29 21:41:35.459737 2018] [:error] [pid 11386] [client 192.17.151.107:45480] PHP Notice:  Use of undefined constant clipid - assumed 'clipid' in /var/www/html/php/deleteclip.php on line 3, referer: http://su18-cs411-13.cs.illinois.edu/deleteclip.html
[Sun Jul 29 21:41:35.459770 2018] [:error] [pid 11386] [client 192.17.151.107:45480] PHP Notice:  Use of undefined constant clipid - assumed 'clipid' in /var/www/html/php/deleteclip.php on line 4, referer: http://su18-cs411-13.cs.illinois.edu/deleteclip.html
[Sun Jul 29 21:42:02.676886 2018] [:error] [pid 13338] [client 192.17.151.107:45482] PHP Notice:  Use of undefined constant clipid - assumed 'clipid' in /var/www/html/php/deleteclip.php on line 3, referer: http://su18-cs411-13.cs.illinois.edu/deleteclip.html
[Sun Jul 29 22:00:36.118514 2018] [:error] [pid 13338] [client 130.126.153.156:60278] PHP Notice:  Use of undefined constant key - assumed 'key' in /var/www/html/php/returnimage.php on line 67
[Sun Jul 29 22:00:36.118556 2018] [:error] [pid 13338] [client 130.126.153.156:60278] PHP Notice:  Undefined variable: contentUrl in /var/www/html/php/returnimage.php on line 67
[Sun Jul 29 22:00:36.118569 2018] [:error] [pid 13338] [client 130.126.153.156:60278] PHP Notice:  Use of undefined constant key - assumed 'key' in /var/www/html/php/returnimage.php on line 67
[Sun Jul 29 22:00:36.118586 2018] [:error] [pid 13338] [client 130.126.153.156:60278] PHP Notice:  Undefined variable: contentUrl in /var/www/html/php/returnimage.php on line 67
[Sun Jul 29 22:00:36.118600 2018] [:error] [pid 13338] [client 130.126.153.156:60278] PHP Notice:  Use of undefined constant key - assumed 'key' in /var/www/html/php/returnimage.php on line 67
[Sun Jul 29 22:00:36.118604 2018] [:error] [pid 13338] [client 130.126.153.156:60278] PHP Notice:  Undefined variable: contentUrl in /var/www/html/php/returnimage.php on line 67
[Sun Jul 29 22:00:36.118610 2018] [:error] [pid 13338] [client 130.126.153.156:60278] PHP Notice:  Use of undefined constant key - assumed 'key' in /var/www/html/php/returnimage.php on line 67
[Sun Jul 29 22:00:36.118614 2018] [:error] [pid 13338] [client 130.126.153.156:60278] PHP Notice:  Undefined variable: contentUrl in /var/www/html/php/returnimage.php on line 67
[Sun Jul 29 22:00:36.118618 2018] [:error] [pid 13338] [client 130.126.153.156:60278] PHP Notice:  Use of undefined constant key - assumed 'key' in /var/www/html/php/returnimage.php on line 67
[Sun Jul 29 22:00:36.118621 2018] [:error] [pid 13338] [client 130.126.153.156:60278] PHP Notice:  Undefined variable: contentUrl in /var/www/html/php/returnimage.php on line 67
[Sun Jul 29 22:00:36.118625 2018] [:error] [pid 13338] [client 130.126.153.156:60278] PHP Notice:  Use of undefined constant key - assumed 'key' in /var/www/html/php/returnimage.php on line 67
[Sun Jul 29 22:00:36.118629 2018] [:error] [pid 13338] [client 130.126.153.156:60278] PHP Notice:  Undefined variable: contentUrl in /var/www/html/php/returnimage.php on line 67
[Sun Jul 29 22:00:36.118633 2018] [:error] [pid 13338] [client 130.126.153.156:60278] PHP Notice:  Use of undefined constant key - assumed 'key' in /var/www/html/php/returnimage.php on line 67
[Sun Jul 29 22:00:36.118636 2018] [:error] [pid 13338] [client 130.126.153.156:60278] PHP Notice:  Undefined variable: contentUrl in /var/www/html/php/returnimage.php on line 67
[Sun Jul 29 22:00:36.118640 2018] [:error] [pid 13338] [client 130.126.153.156:60278] PHP Notice:  Use of undefined constant key - assumed 'key' in /var/www/html/php/returnimage.php on line 67
[Sun Jul 29 22:00:36.118644 2018] [:error] [pid 13338] [client 130.126.153.156:60278] PHP Notice:  Undefined variable: contentUrl in /var/www/html/php/returnimage.php on line 67
[Sun Jul 29 22:00:36.118652 2018] [:error] [pid 13338] [client 130.126.153.156:60278] PHP Notice:  Use of undefined constant key - assumed 'key' in /var/www/html/php/returnimage.php on line 67
[Sun Jul 29 22:00:36.118655 2018] [:error] [pid 13338] [client 130.126.153.156:60278] PHP Notice:  Undefined variable: contentUrl in /var/www/html/php/returnimage.php on line 67
[Sun Jul 29 22:00:36.118666 2018] [:error] [pid 13338] [client 130.126.153.156:60278] PHP Notice:  Use of undefined constant key - assumed 'key' in /var/www/html/php/returnimage.php on line 67
[Sun Jul 29 22:00:36.118671 2018] [:error] [pid 13338] [client 130.126.153.156:60278] PHP Notice:  Undefined variable: contentUrl in /var/www/html/php/returnimage.php on line 67
[Sun Jul 29 22:00:36.118675 2018] [:error] [pid 13338] [client 130.126.153.156:60278] PHP Notice:  Use of undefined constant key - assumed 'key' in /var/www/html/php/returnimage.php on line 67
[Sun Jul 29 22:00:36.118678 2018] [:error] [pid 13338] [client 130.126.153.156:60278] PHP Notice:  Undefined variable: contentUrl in /var/www/html/php/returnimage.php on line 67
[Sun Jul 29 22:00:36.118682 2018] [:error] [pid 13338] [client 130.126.153.156:60278] PHP Notice:  Use of undefined constant key - assumed 'key' in /var/www/html/php/returnimage.php on line 67
[Sun Jul 29 22:00:36.118686 2018] [:error] [pid 13338] [client 130.126.153.156:60278] PHP Notice:  Undefined variable: contentUrl in /var/www/html/php/returnimage.php on line 67
[Sun Jul 29 22:00:36.118690 2018] [:error] [pid 13338] [client 130.126.153.156:60278] PHP Notice:  Use of undefined constant key - assumed 'key' in /var/www/html/php/returnimage.php on line 67
[Sun Jul 29 22:00:36.118696 2018] [:error] [pid 13338] [client 130.126.153.156:60278] PHP Notice:  Undefined variable: contentUrl in /var/www/html/php/returnimage.php on line 67
[Sun Jul 29 22:00:36.118700 2018] [:error] [pid 13338] [client 130.126.153.156:60278] PHP Notice:  Use of undefined constant key - assumed 'key' in /var/www/html/php/returnimage.php on line 67
[Sun Jul 29 22:00:36.118704 2018] [:error] [pid 13338] [client 130.126.153.156:60278] PHP Notice:  Undefined variable: contentUrl in /var/www/html/php/returnimage.php on line 67
[Sun Jul 29 22:00:36.118708 2018] [:error] [pid 13338] [client 130.126.153.156:60278] PHP Notice:  Use of undefined constant key - assumed 'key' in /var/www/html/php/returnimage.php on line 67
[Sun Jul 29 22:00:36.118711 2018] [:error] [pid 13338] [client 130.126.153.156:60278] PHP Notice:  Undefined variable: contentUrl in /var/www/html/php/returnimage.php on line 67
[Sun Jul 29 22:00:36.118715 2018] [:error] [pid 13338] [client 130.126.153.156:60278] PHP Notice:  Use of undefined constant key - assumed 'key' in /var/www/html/php/returnimage.php on line 67
[Sun Jul 29 22:00:36.118719 2018] [:error] [pid 13338] [client 130.126.153.156:60278] PHP Notice:  Undefined variable: contentUrl in /var/www/html/php/returnimage.php on line 67
[Sun Jul 29 22:00:36.118723 2018] [:error] [pid 13338] [client 130.126.153.156:60278] PHP Notice:  Use of undefined constant key - assumed 'key' in /var/www/html/php/returnimage.php on line 67
[Sun Jul 29 22:00:36.118726 2018] [:error] [pid 13338] [client 130.126.153.156:60278] PHP Notice:  Undefined variable: contentUrl in /var/www/html/php/returnimage.php on line 67
[Sun Jul 29 22:00:36.118730 2018] [:error] [pid 13338] [client 130.126.153.156:60278] PHP Notice:  Use of undefined constant key - assumed 'key' in /var/www/html/php/returnimage.php on line 67
[Sun Jul 29 22:00:36.118734 2018] [:error] [pid 13338] [client 130.126.153.156:60278] PHP Notice:  Undefined variable: contentUrl in /var/www/html/php/returnimage.php on line 67
[Sun Jul 29 22:00:36.118738 2018] [:error] [pid 13338] [client 130.126.153.156:60278] PHP Notice:  Use of undefined constant key - assumed 'key' in /var/www/html/php/returnimage.php on line 67
[Sun Jul 29 22:00:36.118741 2018] [:error] [pid 13338] [client 130.126.153.156:60278] PHP Notice:  Undefined variable: contentUrl in /var/www/html/php/returnimage.php on line 67
[Sun Jul 29 22:00:36.118745 2018] [:error] [pid 13338] [client 130.126.153.156:60278] PHP Notice:  Use of undefined constant key - assumed 'key' in /var/www/html/php/returnimage.php on line 67
[Sun Jul 29 22:00:36.118749 2018] [:error] [pid 13338] [client 130.126.153.156:60278] PHP Notice:  Undefined variable: contentUrl in /var/www/html/php/returnimage.php on line 67
[Sun Jul 29 22:00:36.118753 2018] [:error] [pid 13338] [client 130.126.153.156:60278] PHP Notice:  Use of undefined constant key - assumed 'key' in /var/www/html/php/returnimage.php on line 67
[Sun Jul 29 22:00:36.118756 2018] [:error] [pid 13338] [client 130.126.153.156:60278] PHP Notice:  Undefined variable: contentUrl in /var/www/html/php/returnimage.php on line 67
[Sun Jul 29 22:00:36.118762 2018] [:error] [pid 13338] [client 130.126.153.156:60278] PHP Notice:  Use of undefined constant key - assumed 'key' in /var/www/html/php/returnimage.php on line 67
[Sun Jul 29 22:00:36.118766 2018] [:error] [pid 13338] [client 130.126.153.156:60278] PHP Notice:  Undefined variable: contentUrl in /var/www/html/php/returnimage.php on line 67
[Sun Jul 29 22:00:36.118770 2018] [:error] [pid 13338] [client 130.126.153.156:60278] PHP Notice:  Use of undefined constant key - assumed 'key' in /var/www/html/php/returnimage.php on line 67
[Sun Jul 29 22:00:36.118774 2018] [:error] [pid 13338] [client 130.126.153.156:60278] PHP Notice:  Undefined variable: contentUrl in /var/www/html/php/returnimage.php on line 67
[Sun Jul 29 22:00:36.118778 2018] [:error] [pid 13338] [client 130.126.153.156:60278] PHP Notice:  Use of undefined constant key - assumed 'key' in /var/www/html/php/returnimage.php on line 67
[Sun Jul 29 22:00:36.118789 2018] [:error] [pid 13338] [client 130.126.153.156:60278] PHP Notice:  Undefined variable: contentUrl in /var/www/html/php/returnimage.php on line 67
[Sun Jul 29 22:00:36.118795 2018] [:error] [pid 13338] [client 130.126.153.156:60278] PHP Notice:  Use of undefined constant key - assumed 'key' in /var/www/html/php/returnimage.php on line 67
[Sun Jul 29 22:00:36.118799 2018] [:error] [pid 13338] [client 130.126.153.156:60278] PHP Notice:  Undefined variable: contentUrl in /var/www/html/php/returnimage.php on line 67
[Sun Jul 29 22:00:36.118805 2018] [:error] [pid 13338] [client 130.126.153.156:60278] PHP Notice:  Use of undefined constant key - assumed 'key' in /var/www/html/php/returnimage.php on line 67
[Sun Jul 29 22:00:36.118809 2018] [:error] [pid 13338] [client 130.126.153.156:60278] PHP Notice:  Undefined variable: contentUrl in /var/www/html/php/returnimage.php on line 67
[Sun Jul 29 22:00:36.118814 2018] [:error] [pid 13338] [client 130.126.153.156:60278] PHP Notice:  Use of undefined constant key - assumed 'key' in /var/www/html/php/returnimage.php on line 67
[Sun Jul 29 22:00:36.118818 2018] [:error] [pid 13338] [client 130.126.153.156:60278] PHP Notice:  Undefined variable: contentUrl in /var/www/html/php/returnimage.php on line 67
[Sun Jul 29 22:00:36.118822 2018] [:error] [pid 13338] [client 130.126.153.156:60278] PHP Notice:  Use of undefined constant key - assumed 'key' in /var/www/html/php/returnimage.php on line 67
[Sun Jul 29 22:00:36.118825 2018] [:error] [pid 13338] [client 130.126.153.156:60278] PHP Notice:  Undefined variable: contentUrl in /var/www/html/php/returnimage.php on line 67
[Sun Jul 29 22:00:36.118829 2018] [:error] [pid 13338] [client 130.126.153.156:60278] PHP Notice:  Use of undefined constant key - assumed 'key' in /var/www/html/php/returnimage.php on line 67
[Sun Jul 29 22:00:36.118833 2018] [:error] [pid 13338] [client 130.126.153.156:60278] PHP Notice:  Undefined variable: contentUrl in /var/www/html/php/returnimage.php on line 67
[Sun Jul 29 22:00:36.118838 2018] [:error] [pid 13338] [client 130.126.153.156:60278] PHP Notice:  Use of undefined constant key - assumed 'key' in /var/www/html/php/returnimage.php on line 67
[Sun Jul 29 22:00:36.118841 2018] [:error] [pid 13338] [client 130.126.153.156:60278] PHP Notice:  Undefined variable: contentUrl in /var/www/html/php/returnimage.php on line 67
[Sun Jul 29 22:00:36.118845 2018] [:error] [pid 13338] [client 130.126.153.156:60278] PHP Notice:  Use of undefined constant key - assumed 'key' in /var/www/html/php/returnimage.php on line 67
[Sun Jul 29 22:00:36.118857 2018] [:error] [pid 13338] [client 130.126.153.156:60278] PHP Notice:  Undefined variable: contentUrl in /var/www/html/php/returnimage.php on line 67
[Sun Jul 29 22:00:36.118863 2018] [:error] [pid 13338] [client 130.126.153.156:60278] PHP Notice:  Use of undefined constant key - assumed 'key' in /var/www/html/php/returnimage.php on line 67
[Sun Jul 29 22:00:36.118867 2018] [:error] [pid 13338] [client 130.126.153.156:60278] PHP Notice:  Undefined variable: contentUrl in /var/www/html/php/returnimage.php on line 67
[Sun Jul 29 22:00:36.118871 2018] [:error] [pid 13338] [client 130.126.153.156:60278] PHP Notice:  Use of undefined constant key - assumed 'key' in /var/www/html/php/returnimage.php on line 67
[Sun Jul 29 22:00:36.118874 2018] [:error] [pid 13338] [client 130.126.153.156:60278] PHP Notice:  Undefined variable: contentUrl in /var/www/html/php/returnimage.php on line 67
[Sun Jul 29 22:00:36.118879 2018] [:error] [pid 13338] [client 130.126.153.156:60278] PHP Notice:  Use of undefined constant key - assumed 'key' in /var/www/html/php/returnimage.php on line 67
[Sun Jul 29 22:00:36.118883 2018] [:error] [pid 13338] [client 130.126.153.156:60278] PHP Notice:  Undefined variable: contentUrl in /var/www/html/php/returnimage.php on line 67
[Sun Jul 29 22:00:36.118889 2018] [:error] [pid 13338] [client 130.126.153.156:60278] PHP Notice:  Use of undefined constant key - assumed 'key' in /var/www/html/php/returnimage.php on line 67
[Sun Jul 29 22:00:36.118898 2018] [:error] [pid 13338] [client 130.126.153.156:60278] PHP Notice:  Undefined variable: contentUrl in /var/www/html/php/returnimage.php on line 67
[Sun Jul 29 22:00:36.118903 2018] [:error] [pid 13338] [client 130.126.153.156:60278] PHP Notice:  Use of undefined constant key - assumed 'key' in /var/www/html/php/returnimage.php on line 67
